ASxxxx Linker V03.00 + NoICE + sdld,  page 1.
Hexadecimal  [32-Bits]

Area                                    Addr        Size        Decimal Bytes (Attributes)
--------------------------------        ----        ----        ------- ----- ------------
CABS                                00000000    00000000 =           0. bytes (ABS,CON,CODE)

      Value  Global                              Global Defined In Module
      -----  --------------------------------   ------------------------
C:   00000000  l_BIT_BANK                      
C:   00000000  l_BSEG                          
C:   00000000  l_BSEG_BYTES                    
C:   00000000  l_CABS                          
C:   00000000  l_GSINIT1                       
C:   00000000  l_GSINIT5                       
C:   00000000  l_IABS                          
C:   00000000  l_ISEG                          
C:   00000000  l_REG_BANK_1                    
C:   00000000  l_REG_BANK_2                    
C:   00000000  l_REG_BANK_3                    
C:   00000000  l_RSEG                          
C:   00000000  l_RSEG0                         
C:   00000000  l_RSEG1                         
C:   00000000  l_XABS                          
C:   00000000  l_XINIT                         
C:   00000000  l_XISEG                         
C:   00000000  l_XSEG                          
C:   00000000  l__CODE                         
C:   00000000  s_BSEG                          
C:   00000000  s_CABS                          
C:   00000000  s_DSEG                          
C:   00000000  s_HOME                          
C:   00000000  s_IABS                          
C:   00000000  s_ISEG                          
C:   00000000  s_REG_BANK_0                    
C:   00000000  s_RSEG                          
C:   00000000  s_RSEG0                         
C:   00000000  s_RSEG1                         
C:   00000000  s_XABS                          
C:   00000001  s_PSEG                          
C:   00000001  s_XISEG                         
C:   00000001  s_XSEG                          
C:   00000003  l_GSFINAL                       
C:   00000003  l_GSINIT0                       
C:   00000005  l_OSEG                          
C:   00000008  l_REG_BANK_0                    
C:   00000008  s_REG_BANK_1                    
C:   0000000A  l_GSINIT2                       
C:   0000000C  s_OSEG                          
C:   00000010  s_REG_BANK_2                    
C:   00000011  s_SSEG                          
C:   00000018  s_BIT_BANK                      
C:   00000018  s_REG_BANK_3                    
C:   00000020  s_BSEG_BYTES                    
C:   00000020  s__CODE                         
C:   00000022  l_GSINIT3                       
C:   00000029  l_HOME                          
C:   00000029  s_GSINIT0                       
C:   0000002A  l_GSINIT4                       
ASxxxx Linker V03.00 + NoICE + sdld,  page 2.
Hexadecimal  [32-Bits]

Area                                    Addr        Size        Decimal Bytes (Attributes)
--------------------------------        ----        ----        ------- ----- ------------
CABS                                00000000    00000000 =           0. bytes (ABS,CON,CODE)

      Value  Global                              Global Defined In Module
      -----  --------------------------------   ------------------------
C:   0000002C  s_GSINIT1                       
C:   0000002C  s_GSINIT2                       
C:   00000036  s_GSINIT3                       
C:   00000058  s_GSINIT4                       
C:   00000073  l_GSINIT                        
C:   00000080  l_DSEG                          
C:   00000082  s_GSINIT                        
C:   00000082  s_GSINIT5                       
C:   000000EF  l_SSEG                          
C:   000000F0  l_PSEG                          
C:   000000F5  s_GSFINAL                       
C:   000000F8  s_CSEG                          
C:   00000100  l_IRAM                          
C:   0000012B  l_CONST                         
C:   000013EF  l_CSEG                          
C:   000014E7  s_CONST                         
C:   00001612  s_XINIT                         

ASxxxx Linker V03.00 + NoICE + sdld,  page 3.
Hexadecimal  [32-Bits]

Area                                    Addr        Size        Decimal Bytes (Attributes)
--------------------------------        ----        ----        ------- ----- ------------
.  .ABS.                            00000000    00000000 =           0. bytes (ABS,CON)

      Value  Global                              Global Defined In Module
      -----  --------------------------------   ------------------------
     00000000  .__.ABS.                           _startup
     00000080  _P0                                W5500
     00000080  _P0_0                              W5500
     00000081  _P0_1                              W5500
     00000081  _SP                                W5500
     00000082  _DPL                               W5500
     00000082  _P0_2                              W5500
     00000083  _DPH                               W5500
     00000083  _P0_3                              W5500
     00000084  _P0_4                              W5500
     00000085  _P0_5                              W5500
     00000086  _P0_6                              W5500
     00000087  _P0_7                              W5500
     00000087  _PCON                              W5500
     00000088  _IT0                               W5500
     00000088  _TCON                              W5500
     00000089  _IE0                               W5500
     00000089  _TMOD                              W5500
     0000008A  _IT1                               W5500
     0000008A  _TL0                               W5500
     0000008B  _IE1                               W5500
     0000008B  _TL1                               W5500
     0000008C  _TH0                               W5500
     0000008C  _TR0                               W5500
     0000008D  _TF0                               W5500
     0000008D  _TH1                               W5500
     0000008E  _TR1                               W5500
     0000008F  _TF1                               W5500
     00000090  _P1                                W5500
     00000090  _P1_0                              W5500
     00000091  _P1_1                              W5500
     00000092  _P1_2                              W5500
     00000093  _P1_3                              W5500
     00000094  _P1_4                              W5500
     00000095  _P1_5                              W5500
     00000096  _P1_6                              W5500
     00000097  _P1_7                              W5500
     00000098  _RI                                W5500
     00000098  _SCON                              W5500
     00000099  _SBUF                              W5500
     00000099  _TI                                W5500
     0000009A  _RB8                               W5500
     0000009B  _TB8                               W5500
     0000009C  _REN                               W5500
     0000009D  _SM2                               W5500
     0000009E  _SM1                               W5500
     0000009F  _SM0                               W5500
     000000A0  _P2                                W5500
     000000A0  _P2_0                              W5500
     000000A0  __XPAGE                            
ASxxxx Linker V03.00 + NoICE + sdld,  page 4.
Hexadecimal  [32-Bits]

Area                                    Addr        Size        Decimal Bytes (Attributes)
--------------------------------        ----        ----        ------- ----- ------------
.  .ABS.                            00000000    00000000 =           0. bytes (ABS,CON)

      Value  Global                              Global Defined In Module
      -----  --------------------------------   ------------------------
     000000A1  _P2_1                              W5500
     000000A2  _P2_2                              W5500
     000000A3  _P2_3                              W5500
     000000A4  _P2_4                              W5500
     000000A5  _P2_5                              W5500
     000000A6  _P2_6                              W5500
     000000A7  _P2_7                              W5500
     000000A8  _EX0                               W5500
     000000A8  _IE                                W5500
     000000A9  _ET0                               W5500
     000000AA  _EX1                               W5500
     000000AB  _ET1                               W5500
     000000AC  _ES                                W5500
     000000AF  _EA                                W5500
     000000B0  _P3                                W5500
     000000B0  _P3_0                              W5500
     000000B0  _RXD                               W5500
     000000B1  _P3_1                              W5500
     000000B1  _TXD                               W5500
     000000B2  _INT0                              W5500
     000000B2  _P3_2                              W5500
     000000B3  _INT1                              W5500
     000000B3  _P3_3                              W5500
     000000B4  _P3_4                              W5500
     000000B4  _T0                                W5500
     000000B5  _P3_5                              W5500
     000000B5  _T1                                W5500
     000000B6  _P3_6                              W5500
     000000B6  _WR                                W5500
     000000B7  _P3_7                              W5500
     000000B7  _RD                                W5500
     000000B8  _IP                                W5500
     000000B8  _PX0                               W5500
     000000B9  _PT0                               W5500
     000000BA  _PX1                               W5500
     000000BB  _PT1                               W5500
     000000BC  _PS                                W5500
     000000D0  _P                                 W5500
     000000D0  _PSW                               W5500
     000000D1  _F1                                W5500
     000000D2  _OV                                W5500
     000000D3  _RS0                               W5500
     000000D4  _RS1                               W5500
     000000D5  _F0                                W5500
     000000D6  _AC                                W5500
     000000D7  _CY                                W5500
     000000E0  _ACC                               W5500
     000000F0  _B                                 W5500
     000000F5  _B_5                               _gptrget
     000000F6  _B_6                               _gptrget
     000000F7  _B_7                               _gptrget

ASxxxx Linker V03.00 + NoICE + sdld,  page 5.
Hexadecimal  [32-Bits]

Area                                    Addr        Size        Decimal Bytes (Attributes)
--------------------------------        ----        ----        ------- ----- ------------
REG_BANK_0                          00000000    00000008 =           8. bytes (REL,OVR)

      Value  Global                              Global Defined In Module
      -----  --------------------------------   ------------------------
ASxxxx Linker V03.00 + NoICE + sdld,  page 6.
Hexadecimal  [32-Bits]

Area                                    Addr        Size        Decimal Bytes (Attributes)
--------------------------------        ----        ----        ------- ----- ------------
DSEG                                00000000    00000080 =         128. bytes (REL,CON)

      Value  Global                              Global Defined In Module
      -----  --------------------------------   ------------------------
ASxxxx Linker V03.00 + NoICE + sdld,  page 7.
Hexadecimal  [32-Bits]

Area                                    Addr        Size        Decimal Bytes (Attributes)
--------------------------------        ----        ----        ------- ----- ------------
OSEG                                0000000C    00000005 =           5. bytes (REL,OVR)

      Value  Global                              Global Defined In Module
      -----  --------------------------------   ------------------------
ASxxxx Linker V03.00 + NoICE + sdld,  page 8.
Hexadecimal  [32-Bits]

Area                                    Addr        Size        Decimal Bytes (Attributes)
--------------------------------        ----        ----        ------- ----- ------------
SSEG                                00000011    000000EF =         239. bytes (REL,OVR)

      Value  Global                              Global Defined In Module
      -----  --------------------------------   ------------------------
     00000011  __start__stack                     main

ASxxxx Linker V03.00 + NoICE + sdld,  page 9.
Hexadecimal  [32-Bits]

Area                                    Addr        Size        Decimal Bytes (Attributes)
--------------------------------        ----        ----        ------- ----- ------------
PSEG                                00000001    000000F0 =         240. bytes (REL,CON,PAG,XDATA)

      Value  Global                              Global Defined In Module
      -----  --------------------------------   ------------------------
D:   00000001  _gateway                           main
D:   00000005  _subnet                            main
D:   00000009  _ip                                main
D:   0000000D  _mac                               main
D:   00000013  _dest_ip                           main
D:   00000017  _RTU_Address                       main
D:   00000018  _serialInput                       main
D:   0000001B  _strcmp_PARM_2                     main
D:   00000069  _input_buffer                      Serial
D:   0000008A  _bufferlo_bill                     Serial
D:   000000AB  _bufferlo_bill_counter             Serial
D:   000000AC  _newyork_jets                      Serial
D:   000000AD  _small_buffer                      W5500
D:   000000AF  __w5500_input_buffer               W5500
D:   000000D0  __w5500_set_sourceport_PARM_2      W5500
D:   000000D2  __w5500_set_remoteport_PARM_2      W5500
D:   000000D4  __w5500_set_destinationip_PARM_2   W5500
D:   000000D7  __w5500_writeto_PARM_2             W5500
D:   000000DA  __w5500_writeto_PARM_3             W5500
D:   000000DC  __w5500_read_PARM_2                W5500
D:   000000DD  __w5500_read_PARM_3                W5500
D:   000000E0  __w5500_read_PARM_4                W5500
D:   000000E2  __w5500_write_PARM_2               W5500
D:   000000E3  __w5500_write_PARM_3               W5500
D:   000000E6  __w5500_write_PARM_4               W5500
D:   000000E8  __gptrput_PARM_2                   _gptrput
D:   000000E9  __modsint_PARM_2                   _modsint
D:   000000EB  __moduint_PARM_2                   _moduint
D:   000000ED  __divsint_PARM_2                   _divsint
D:   000000EF  __divuint_PARM_2                   _divuint
ASxxxx Linker V03.00 + NoICE + sdld,  page 10.
Hexadecimal  [32-Bits]

Area                                    Addr        Size        Decimal Bytes (Attributes)
--------------------------------        ----        ----        ------- ----- ------------
HOME                                00000000    00000029 =          41. bytes (REL,CON,CODE)

      Value  Global                              Global Defined In Module
      -----  --------------------------------   ------------------------
C:   00000026  __sdcc_program_startup             main

ASxxxx Linker V03.00 + NoICE + sdld,  page 11.
Hexadecimal  [32-Bits]

Area                                    Addr        Size        Decimal Bytes (Attributes)
--------------------------------        ----        ----        ------- ----- ------------
GSINIT0                             00000029    00000003 =           3. bytes (REL,CON,CODE)

      Value  Global                              Global Defined In Module
      -----  --------------------------------   ------------------------
C:   00000029  __sdcc_gsinit_startup              

ASxxxx Linker V03.00 + NoICE + sdld,  page 12.
Hexadecimal  [32-Bits]

Area                                    Addr        Size        Decimal Bytes (Attributes)
--------------------------------        ----        ----        ------- ----- ------------
GSINIT2                             0000002C    0000000A =          10. bytes (REL,CON,CODE)

      Value  Global                              Global Defined In Module
      -----  --------------------------------   ------------------------
ASxxxx Linker V03.00 + NoICE + sdld,  page 13.
Hexadecimal  [32-Bits]

Area                                    Addr        Size        Decimal Bytes (Attributes)
--------------------------------        ----        ----        ------- ----- ------------
GSINIT3                             00000036    00000022 =          34. bytes (REL,CON,CODE)

      Value  Global                              Global Defined In Module
      -----  --------------------------------   ------------------------
C:   00000036  __mcs51_genXINIT                   

ASxxxx Linker V03.00 + NoICE + sdld,  page 14.
Hexadecimal  [32-Bits]

Area                                    Addr        Size        Decimal Bytes (Attributes)
--------------------------------        ----        ----        ------- ----- ------------
GSINIT4                             00000058    0000002A =          42. bytes (REL,CON,CODE)

      Value  Global                              Global Defined In Module
      -----  --------------------------------   ------------------------
C:   00000058  __mcs51_genRAMCLEAR                
C:   0000005E  __mcs51_genXRAMCLEAR               

ASxxxx Linker V03.00 + NoICE + sdld,  page 15.
Hexadecimal  [32-Bits]

Area                                    Addr        Size        Decimal Bytes (Attributes)
--------------------------------        ----        ----        ------- ----- ------------
GSINIT                              00000082    00000073 =         115. bytes (REL,CON,CODE)

      Value  Global                              Global Defined In Module
      -----  --------------------------------   ------------------------
ASxxxx Linker V03.00 + NoICE + sdld,  page 16.
Hexadecimal  [32-Bits]

Area                                    Addr        Size        Decimal Bytes (Attributes)
--------------------------------        ----        ----        ------- ----- ------------
GSFINAL                             000000F5    00000003 =           3. bytes (REL,CON,CODE)

      Value  Global                              Global Defined In Module
      -----  --------------------------------   ------------------------
ASxxxx Linker V03.00 + NoICE + sdld,  page 17.
Hexadecimal  [32-Bits]

Area                                    Addr        Size        Decimal Bytes (Attributes)
--------------------------------        ----        ----        ------- ----- ------------
CSEG                                000000F8    000013EF =        5103. bytes (REL,CON,CODE)

      Value  Global                              Global Defined In Module
      -----  --------------------------------   ------------------------
C:   000000F8  _strlen                            main
C:   00000118  _strcmp                            main
C:   00000167  _hexCharToInt                      main
C:   0000018C  _parseMAC                          main
C:   00000290  _extractAndAssign                  main
C:   00000487  _displayIPAddress                  main
C:   000004D9  _displayMACAddress                 main
C:   0000052E  _menudisplay                       main
C:   000005BD  _setuptcp                          main
C:   000005DE  _setup                             main
C:   0000069C  _loop                              main
C:   00000ACF  _main                              main
C:   00000AD7  __spigeneric_frame_start           SPIGeneric
C:   00000AE2  __spigeneric_frame_end             SPIGeneric
C:   00000AEB  __spigeneric_spit_bit              SPIGeneric
C:   00000AFC  __spigeneric_spit_byte             SPIGeneric
C:   00000B39  __spigeneric_reset                 SPIGeneric
C:   00000B40  __serial_begin                     Serial
C:   00000B59  __serial_putstr                    Serial
C:   00000B84  __serial_putbyte_hex               Serial
C:   00000BCF  __serial_putbyte_dec               Serial
C:   00000C55  __serial_emptybuffer               Serial
C:   00000C84  __serial_putchar                   Serial
C:   00000C95  __serial_interrupt                 Serial
C:   00000CE2  __w5500_open                       W5500
C:   00000D0B  __w5500_reset                      W5500
C:   00000D2D  __w5500_close                      W5500
C:   00000D56  __w5500_discon                     W5500
C:   00000D7F  __w5500_set_udp                    W5500
C:   00000DD8  __w5500_set_tcp                    W5500
C:   00000E31  __w5500_get_IMR                    W5500
C:   00000E5B  __w5500_get_SIR                    W5500
C:   00000E7E  __w5500_set_IMR                    W5500
C:   00000EA7  __w5500_get_SIMR                   W5500
C:   00000ECA  __w5500_clear_SNIR                 W5500
C:   00000EF3  __w5500_get_SNIR                   W5500
C:   00000F1D  __w5500_get_status                 W5500
C:   00000F47  __w5500_listen                     W5500
C:   00000F70  __w5500_set_sourceport             W5500
C:   00000FA1  __w5500_set_remoteport             W5500
C:   00000FD2  __w5500_set_destinationip          W5500
C:   00000FF8  __w5500_writeto                    W5500
C:   00001096  __w5500_bytesinbuffer              W5500
C:   000010CD  __w5500_readchar                   W5500
C:   00001197  __w5500_send                       W5500
C:   000011C0  __w5500_get_version                W5500
C:   000011E3  __w5500_get_phyconfig              W5500
C:   00001206  __w5500_read                       W5500
C:   0000127E  __w5500_write                      W5500
C:   000012F6  __gptrput                          _gptrput
ASxxxx Linker V03.00 + NoICE + sdld,  page 18.
Hexadecimal  [32-Bits]

Area                                    Addr        Size        Decimal Bytes (Attributes)
--------------------------------        ----        ----        ------- ----- ------------
CSEG                                000000F8    000013EF =        5103. bytes (REL,CON,CODE)

      Value  Global                              Global Defined In Module
      -----  --------------------------------   ------------------------
C:   00001311  __modsint                          _modsint
C:   0000136E  __moduint                          _moduint
C:   000013F1  __divsint                          _divsint
C:   00001456  __divuint                          _divuint
C:   000014A4  _toupper                           toupper
C:   000014C7  __gptrget                          _gptrget
C:   000014E3  __sdcc_external_startup            _startup
ASxxxx Linker V03.00 + NoICE + sdld,  page 19.
Hexadecimal  [32-Bits]

Area                                    Addr        Size        Decimal Bytes (Attributes)
--------------------------------        ----        ----        ------- ----- ------------
CONST                               000014E7    0000012B =         299. bytes (REL,CON,CODE)

      Value  Global                              Global Defined In Module
      -----  --------------------------------   ------------------------
ASxxxx Linker V03.00 + NoICE + sdld,  page 20.

Files Linked                              [ module(s) ]

main.rel                                  [  ]
SPIGeneric.rel                            [  ]
Serial.rel                                [  ]
W5500.rel                                 [  ]


Libraries Linked                          [ object file ]

/usr/bin/../share/sdcc/lib/medium/mcs51.lib
                                          [ crtclear.rel ]
/usr/bin/../share/sdcc/lib/medium/mcs51.lib
                                          [ crtxinit.rel ]
/usr/bin/../share/sdcc/lib/medium/libsdcc.lib
                                          [ _gptrput.rel ]
/usr/bin/../share/sdcc/lib/medium/libint.lib
                                          [ _modsint.rel ]
/usr/bin/../share/sdcc/lib/medium/libint.lib
                                          [ _moduint.rel ]
/usr/bin/../share/sdcc/lib/medium/libint.lib
                                          [ _divsint.rel ]
/usr/bin/../share/sdcc/lib/medium/mcs51.lib
                                          [ crtxclear.rel ]
/usr/bin/../share/sdcc/lib/medium/libint.lib
                                          [ _divuint.rel ]
/usr/bin/../share/sdcc/lib/medium/libsdcc.lib
                                          [ toupper.rel ]
/usr/bin/../share/sdcc/lib/medium/mcs51.lib
                                          [ crtpagesfr.rel ]
/usr/bin/../share/sdcc/lib/medium/mcs51.lib
                                          [ crtstart.rel ]
/usr/bin/../share/sdcc/lib/medium/libsdcc.lib
                                          [ _gptrget.rel ]
/usr/bin/../share/sdcc/lib/medium/libsdcc.lib
                                          [ _startup.rel ]

ASxxxx Linker V03.00 + NoICE + sdld,  page 21.

User Base Address Definitions

HOME = 0x0000
XSEG = 0x0001
PSEG = 0x0001
ISEG = 0x0000
BSEG = 0x0000

